========================================================================
稳态分布计算自测：幂迭代 vs 线性方程组（标准库实现）
========================================================================

--- 用例: 单状态链 [[1]] ---
  幂迭代: [1.000000]  (1 步收敛, 残差 0.00e+00)
  线性解: [1.000000]  (残差 0.00e+00)

--- 用例: 遍历链双路径对拍 + 残差下降 ---

  [2状态遍历链]
    幂迭代 pi = [0.800000, 0.200000]  迭代 39 步
    线性解 pi = [0.800000, 0.200000]
    两路径最大分量差 = 5.459e-13
    残差随迭代次数下降（||x_k P - x_k||_1）:
      k=     0   residual=3.000000e-01
      k=     1   residual=1.500000e-01
      k=     2   residual=7.500000e-02
      k=     5   residual=9.375000e-03
      k=    10   residual=2.929688e-04
      k=    20   residual=2.861023e-07
      k=    39   residual=5.457579e-13

  [5状态遍历链]
    幂迭代 pi = [0.176285, 0.224001, 0.231580, 0.243135, 0.125000]  迭代 26 步
    线性解 pi = [0.176285, 0.224001, 0.231580, 0.243135, 0.125000]
    两路径最大分量差 = 1.084e-13
    残差随迭代次数下降（||x_k P - x_k||_1）:
      k=     0   residual=1.600000e-01
      k=     1   residual=5.500000e-02
      k=     2   residual=1.540000e-02
      k=     5   residual=5.737250e-04
      k=    10   residual=3.590758e-06
      k=    20   residual=1.556950e-10
      k=    26   residual=3.791134e-13

--- 用例: 唯一吸收态的吸收链（可约但平稳分布唯一） ---
  结构: 瞬态 [0] -> 闭类 [[1, 2]]（吸收态含自环）
  幂迭代 pi = [0.000000, 0.333333, 0.666667]  (36 步, 残差 5.82e-11)
  线性解 pi = [0.000000, 0.333333, 0.666667]  (残差 1.67e-16)
  说明: 链可约但只有一个闭类，质量最终全部进入该闭类，平稳分布唯一。

--- 用例: 多吸收态吸收链（平稳分布不唯一，极限依赖初值） ---
  线性路径检测到系数矩阵秩亏缺，极值平稳分布:
    闭类 [0]: pi = [1.000000, 0.000000, 0.000000, 0.000000]
    闭类 [1]: pi = [0.000000, 1.000000, 0.000000, 0.000000]
    任意凸组合 a*[1,0,0,0]+(1-a)*[0,1,0,0] 都是平稳分布。
  幂迭代极限随初始分布变化:
    init=质量全在瞬态2: pi -> [0.428571, 0.571429, 0.000000, 0.000000]  (24 步)
    init=质量全在瞬态3: pi -> [0.500000, 0.500000, 0.000000, 0.000000]  (1 步)
    init=混合初值: pi -> [0.464286, 0.535714, 0.000000, 0.000000]  (24 步)
  require_unique 报错: 系数矩阵秩 3/4，链有 2 个闭类，平稳分布不唯一（吸收/可约多闭类）；每个闭类的极值分布见 class_distributions
  auto 路径报错: NonUniqueStationaryError: 链有多个闭类，拒绝给出唯一答案

--- 用例: 周期链（2周期 / 3周期）：幂迭代不收敛，线性解唯一 ---

  [2周期] 线性解 pi = [0.500000, 0.500000]（残差 0.0e+00）
  普通幂迭代: 残差在 200 步内改善小于 1e-09，判定收敛停滞（周期链振荡，或多闭类依赖初值）
    残差随迭代次数（可见周期性平台/振荡，不趋于 0）:
      k=   0   residual=2.000000e+00
      k=   1   residual=2.000000e+00
      k=   2   residual=2.000000e+00
      k=   5   residual=2.000000e+00
      k=  10   residual=2.000000e+00
      k=  20   residual=2.000000e+00
      k=  50   residual=2.000000e+00
      k= 100   residual=2.000000e+00
      ... 停滞时残差仍为 2.0000e+00
  Cesaro 均值迭代: 1 步收敛, pi = [0.500000, 0.500000], 残差 0.00e+00
  power 路径(点质量初值)报错: NonConvergenceError: 幂迭代不收敛：唯一闭类但周期为 2：x_k P 周期振荡不收敛（线性解仍唯一，Cesaro 均值收敛）；可改用 method='linear'（代数解唯一）或 average=True 的 Cesaro 均值
  注意: 均匀初值恰好落在平稳分布上时迭代“假收敛”，因此结构分析（周期=2）才是可靠判据。
  auto 路径自动回退到线性求解，返回唯一平稳分布。

  [3周期] 线性解 pi = [0.333333, 0.333333, 0.333333]（残差 1.1e-16）
  普通幂迭代: 残差在 200 步内改善小于 1e-09，判定收敛停滞（周期链振荡，或多闭类依赖初值）
    残差随迭代次数（可见周期性平台/振荡，不趋于 0）:
      k=   0   residual=2.000000e+00
      k=   1   residual=2.000000e+00
      k=   2   residual=2.000000e+00
      k=   5   residual=2.000000e+00
      k=  10   residual=2.000000e+00
      k=  20   residual=2.000000e+00
      k=  50   residual=2.000000e+00
      k= 100   residual=2.000000e+00
      ... 停滞时残差仍为 2.0000e+00
  Cesaro 均值迭代: 2 步收敛, pi = [0.333333, 0.333333, 0.333333], 残差 1.11e-16
  power 路径(点质量初值)报错: NonConvergenceError: 幂迭代不收敛：唯一闭类但周期为 3：x_k P 周期振荡不收敛（线性解仍唯一，Cesaro 均值收敛）；可改用 method='linear'（代数解唯一）或 average=True 的 Cesaro 均值
  注意: 均匀初值恰好落在平稳分布上时迭代“假收敛”，因此结构分析（周期=3）才是可靠判据。
  auto 路径自动回退到线性求解，返回唯一平稳分布。

--- 用例: 非法转移矩阵必须报错 ---
     行和不为1: InvalidChainError ✓
       非方阵: InvalidChainError ✓
       负元素: InvalidChainError ✓
      含NaN: InvalidChainError ✓
       含无穷: InvalidChainError ✓
       非数值: InvalidChainError ✓
       空矩阵: InvalidChainError ✓
  残差接口同样拦截行和错误: 第 0 行元素之和为 0.8999999999999999，不等于 1（偏差 1.000e-01 超过容差 1e-08）
  非法初始分布（和不为1）: InvalidChainError ✓

========================================================================
全部 6 组用例通过：非负、归一化、平稳方程残差断言均成立，双路径对拍一致。
========================================================================
